  per-config folder: /Users/yassineessifi/Desktop/ECI_Bayesian/results/mirt_signed_humanprior

Data: 4051 obs / 751 models / 85 benchmarks

======================================================================
Fitting MIRT  K = 3  (signed loadings, ordered-human prior, sampler=nutpie)  (4051 obs / 751 models / 85 benchmarks)
======================================================================
/Users/yassineessifi/Desktop/ECI_Bayesian/models/mirt.py:294: UserWarning: loading_prior='signed' with the ordered human/lineage theta blocks: those blocks are NOT rotation-invariant across axes (their per-axis increments softly prefer certain orientations), so the rotation symmetry is only APPROXIMATE and per-draw alignment is an approximation rather than an exact quotient. Flip side: the structured priors act as a weak, substantive orientation anchor. Interpret aligned axes with that caveat.
  warnings.warn(
  starting nutpie sampler at t=0 (no live heartbeat with this backend)
  sampling done in 1204.4s, computing log-likelihood...
Computing ... ━━━━━━━━━━━━━━━━━━━━━━━━━━━━━━━━━━━━━━━━ 100% 0:00:00
  K=3: raw max r̂=1.971 (label-switching, ignore for K>1)  divergences=168 / 32000
        identified: eta r̂ max=1.651 mean=1.031 (frac>1.01=0.45)  D r̂=1.600  sigma_b r̂=1.555

── tau_A spectrum (gap ratio flags the live/dead break) ──
 axis  tau_median  tau_hdi_low  tau_hdi_high  gap_ratio_to_next
axis1       0.577        0.521         0.642              1.000
axis2       0.577        0.521         0.642              1.000
axis3       0.577        0.521         0.642                NaN

── factor correlation Phi (off-diag = axis-ability overlap) ──
       axis1  axis2  axis3
axis1  1.000  0.536 -0.484
axis2  0.536  1.000 -0.972
axis3 -0.484 -0.972  1.000

── axis1  top loadings (rotated bundle) ──
               benchmark                category  loading_median
               ARC-AGI-2       Core AGI Progress        1.378911
          Aider Polyglot          Autonomous SWE        1.110358
                 ARC-AGI       Core AGI Progress        1.078970
OTIS Mock AIME 2024-2025 High End Math Reasoning        0.973350
     FrontierMath Tier 4 High End Math Reasoning        0.918104
       The Agent Company    Agentic Computer Use        0.909108
            MATH Level 5 High End Math Reasoning        0.881372
               GSO-Bench          Autonomous SWE        0.877212
                 Cybench    Agentic Computer Use        0.870045
           TerminalBench    Agentic Computer Use        0.823370

── axis2  top loadings (rotated bundle) ──
           benchmark                  category  loading_median
           ARC-AGI-2         Core AGI Progress        1.264171
               GSM8K Domain Specific Questions        1.238452
           ARC (AI2) Domain Specific Questions        1.061205
          OpenBookQA Domain Specific Questions        0.893246
             ARC-AGI         Core AGI Progress        0.847262
BIG-Bench Hard (BBH) Domain Specific Questions        0.689814
           HellaSwag         General Reasoning        0.658648
               BoolQ         General Reasoning        0.632154
     Adversarial NLI         General Reasoning        0.529051
 FrontierMath Tier 4   High End Math Reasoning        0.527084

── axis3  top loadings (rotated bundle) ──
               benchmark                  category  loading_median
               ARC-AGI-2         Core AGI Progress        1.565237
                 ARC-AGI         Core AGI Progress        1.050360
     FrontierMath Tier 4   High End Math Reasoning        0.897044
                  CritPt Domain Specific Questions        0.799873
            MATH Level 5   High End Math Reasoning        0.719406
OTIS Mock AIME 2024-2025   High End Math Reasoning        0.664282
            FrontierMath   High End Math Reasoning        0.658072
           TerminalBench      Agentic Computer Use        0.582887
             APEX Agents         Core AGI Progress        0.568862
          Aider Polyglot            Autonomous SWE        0.559805

── PPC goodness-of-fit ──
  MIRT (K=3): R²=0.973  RMSE=0.044  MAE=0.029

Outputs → /Users/yassineessifi/Desktop/ECI_Bayesian/results/mirt_signed_humanprior
Figures: run diagnostics/plot_mirt.py
