  per-config folder: /Users/yassineessifi/Desktop/ECI_Bayesian/results/mirt_signed_humanprior_lineageprior_noSG
  --no-sg: dropped 10 'Skilled Generalist' observations (tier kept in model index, prior-only theta)

Data: 4041 obs / 751 models / 85 benchmarks
  --lineage-prior: 36 chains / 146 nodes / 432 chained models

======================================================================
Fitting MIRT  K = 3  (signed loadings, ordered-human prior, lineage prior, sampler=nutpie)  (4041 obs / 751 models / 85 benchmarks)
======================================================================
/Users/yassineessifi/Desktop/ECI_Bayesian/models/mirt.py:294: UserWarning: loading_prior='signed' with the ordered human/lineage theta blocks: those blocks are NOT rotation-invariant across axes (their per-axis increments softly prefer certain orientations), so the rotation symmetry is only APPROXIMATE and per-draw alignment is an approximation rather than an exact quotient. Flip side: the structured priors act as a weak, substantive orientation anchor. Interpret aligned axes with that caveat.
  warnings.warn(
  starting nutpie sampler at t=0 (no live heartbeat with this backend)
  sampling done in 2000.4s, computing log-likelihood...
Computing ... ━━━━━━━━━━━━━━━━━━━━━━━━━━━━━━━━━━━━━━━━ 100% 0:00:00
  K=3: raw max r̂=2.274 (label-switching, ignore for K>1)  divergences=2175 / 32000
        identified: eta r̂ max=1.579 mean=1.054 (frac>1.01=0.69)  D r̂=1.746  sigma_b r̂=1.488

── tau_A spectrum (gap ratio flags the live/dead break) ──
 axis  tau_median  tau_hdi_low  tau_hdi_high  gap_ratio_to_next
axis1       0.550        0.489         0.624              1.000
axis2       0.550        0.489         0.624              1.000
axis3       0.550        0.489         0.624                NaN

── factor correlation Phi (off-diag = axis-ability overlap) ──
       axis1  axis2  axis3
axis1  1.000 -0.132  0.700
axis2 -0.132  1.000 -0.007
axis3  0.700 -0.007  1.000

── axis1  top loadings (rotated bundle) ──
               benchmark                      category  loading_median
OTIS Mock AIME 2024-2025       High End Math Reasoning        1.649690
            MATH Level 5       High End Math Reasoning        1.378352
     FrontierMath Tier 4       High End Math Reasoning        0.997041
                 Cybench          Agentic Computer Use        0.988747
               GSO-Bench                Autonomous SWE        0.974678
          Aider Polyglot                Autonomous SWE        0.942310
           Chess Puzzles             General Reasoning        0.890646
         VisualToolBench      Multimodal Understanding        0.885451
                CAD-Eval      Multimodal Understanding        0.865585
       Fiction.LiveBench Advanced Language and Writing        0.862514

── axis2  top loadings (rotated bundle) ──
               benchmark                      category  loading_median
OTIS Mock AIME 2024-2025       High End Math Reasoning        1.061179
           Chess Puzzles             General Reasoning        0.934468
            MATH Level 5       High End Math Reasoning        0.841158
                  CritPt     Domain Specific Questions        0.565109
     FrontierMath Tier 4       High End Math Reasoning        0.482998
            FrontierMath       High End Math Reasoning        0.480431
         VisualToolBench      Multimodal Understanding        0.380191
             BioLP-bench                       Biology        0.353971
    Humanity's Last Exam     Domain Specific Questions        0.349913
       Fiction.LiveBench Advanced Language and Writing        0.324621

── axis3  top loadings (rotated bundle) ──
         benchmark                  category  loading_median
             GSM8K Domain Specific Questions        0.813835
         ARC-AGI-2         Core AGI Progress        0.707380
           ARC-AGI         Core AGI Progress        0.522723
      WMDP Biology                   Biology        0.391864
  MMLU Pro Biology                   Biology        0.390202
              MMLU Domain Specific Questions        0.282098
      FrontierMath   High End Math Reasoning        0.256053
MMLU Pro Chemistry                 Chemistry        0.253470
    WMDP Chemistry                 Chemistry        0.236493
 LAB-Bench Cloning                   Biology        0.225049

── PPC goodness-of-fit ──
  MIRT (K=3): R²=0.973  RMSE=0.044  MAE=0.030

Outputs → /Users/yassineessifi/Desktop/ECI_Bayesian/results/mirt_signed_humanprior_lineageprior_noSG
Figures: run diagnostics/plot_mirt.py
