  per-config folder: /Users/yassineessifi/Desktop/ECI_Bayesian/results/mirt_signed

Data: 4051 obs / 751 models / 85 benchmarks

======================================================================
Fitting MIRT  K = 3  (signed loadings, sampler=nutpie)  (4051 obs / 751 models / 85 benchmarks)
======================================================================
  starting nutpie sampler at t=0 (no live heartbeat with this backend)
  sampling done in 1127.2s, computing log-likelihood...
Computing ... ━━━━━━━━━━━━━━━━━━━━━━━━━━━━━━━━━━━━━━━━ 100% 0:00:00
  K=3: raw max r̂=2.212 (label-switching, ignore for K>1)  divergences=1 / 32000
        identified: eta r̂ max=1.587 mean=1.051 (frac>1.01=0.65)  D r̂=2.212  sigma_b r̂=1.665

── tau_A spectrum (gap ratio flags the live/dead break) ──
 axis  tau_median  tau_hdi_low  tau_hdi_high  gap_ratio_to_next
axis1       0.593        0.538         0.657              1.000
axis2       0.593        0.538         0.657              1.000
axis3       0.593        0.538         0.657                NaN

── factor correlation Phi (off-diag = axis-ability overlap) ──
       axis1  axis2  axis3
axis1  1.000  0.427 -0.269
axis2  0.427  1.000 -0.140
axis3 -0.269 -0.140  1.000

── axis1  top loadings (rotated bundle) ──
          benchmark                  category  loading_median
          ARC-AGI-2         Core AGI Progress        0.720242
            ARC-AGI         Core AGI Progress        0.500363
            Cybench      Agentic Computer Use        0.466109
          GSO-Bench            Autonomous SWE        0.401706
     Aider Polyglot            Autonomous SWE        0.368515
  The Agent Company      Agentic Computer Use        0.361802
FrontierMath Tier 4   High End Math Reasoning        0.356408
             CritPt Domain Specific Questions        0.343776
      TerminalBench      Agentic Computer Use        0.320194
           CAD-Eval  Multimodal Understanding        0.306833

── axis2  top loadings (rotated bundle) ──
               benchmark                      category  loading_median
OTIS Mock AIME 2024-2025       High End Math Reasoning        0.367489
            MATH Level 5       High End Math Reasoning        0.325000
     FrontierMath Tier 4       High End Math Reasoning        0.276228
            FrontierMath       High End Math Reasoning        0.265949
                  CritPt     Domain Specific Questions        0.257172
           Chess Puzzles             General Reasoning        0.235662
       Fiction.LiveBench Advanced Language and Writing        0.208632
          Aider Polyglot                Autonomous SWE        0.201599
             BioLP-bench                       Biology        0.199476
              EnigmaEval             General Reasoning        0.192699

── axis3  top loadings (rotated bundle) ──
         benchmark                  category  loading_median
             GSM8K Domain Specific Questions        0.163157
             CSQA2         General Reasoning        0.119755
 LAB-Bench Cloning                   Biology        0.078017
        OpenBookQA Domain Specific Questions        0.075001
LAB-Bench Protocol                   Biology        0.068123
         ARC (AI2) Domain Specific Questions        0.062115
       BioLP-bench                   Biology        0.061421
   PRBench Finance Domain Specific Questions        0.059326
     PRBench Legal Domain Specific Questions        0.058975
      WMDP Biology                   Biology        0.058515

── PPC goodness-of-fit ──
  MIRT (K=3): R²=0.975  RMSE=0.043  MAE=0.028

Outputs → /Users/yassineessifi/Desktop/ECI_Bayesian/results/mirt_signed
Figures: run diagnostics/plot_mirt.py
