rendering 1D (baseline) …
rendering K=3 ARD (exploratory) …
rendering K=4 ARD (exploratory) …
rendering K=3 spike-slab (exploratory) …
rendering K=3 horseshoe +human prior (exploratory) …
rendering K=2 signed +align (exploratory) …
rendering K=3 signed +align (exploratory) …
rendering 1D +priors (baseline) …
rendering K=2 signed +priors (exploratory) …
rendering K=3 signed +priors (exploratory) …
rendering K=3 skills +priors (confirmed) …
rendering K=3 signed HS +priors (exploratory) …
skipping K=4 grouped HS +priors — trace fit on a different data generation (752 models vs 750) and no cached card
rendering K=3 skills (confirmed) …
rendering K=3 skills +cross (confirmed) …
rendering K=4 skills (confirmed) …
rendering K=4 skills +cross (confirmed) …
skipping K=3 non-comp — no trace, no cache (trace_mirt_nc_k3.nc)
rendering K=3 non-comp +cross (confirmed) …

                       fit  K  eta_rhat  div_pct  axis1_repro  axis2_repro  axis3_repro  axis4_repro
                        1D  1     1.008      0.0        1.000          NaN          NaN          NaN
                   K=2 ARD  2     1.003      0.0        1.000        0.999          NaN          NaN
                   K=3 ARD  3     1.479      0.1        0.987        0.700        0.223          NaN
                   K=4 ARD  4     1.398      0.1        0.991        0.961        0.936        0.585
            K=3 spike-slab  3     1.583      0.1        0.285        0.249        0.742          NaN
K=3 horseshoe +human prior  3     1.787      0.0        0.527        0.348        0.200          NaN
         K=2 signed +align  2     1.633      0.0        0.987        0.134          NaN          NaN
         K=3 signed +align  3     1.746      0.0        0.980        0.325        0.349          NaN
                1D +priors  1     1.002      0.0        1.000          NaN          NaN          NaN
        K=2 signed +priors  2     1.734      0.9        0.999        0.859          NaN          NaN
        K=3 signed +priors  3     1.662      2.5        0.959        0.628        0.649          NaN
     K=3 signed HS +priors  3     1.549      0.1        0.984        0.800        0.674          NaN

                       fit        type  K  free_loadings     R2   RMSE    MAE  PIT_var  eta_rhat  divergences max_phi
                        1D    baseline  1             75 0.9361 0.0678 0.0467   0.0615     1.008            2       —
                   K=3 ARD exploratory  3            225 0.9681 0.0479 0.0313   0.0447     1.479           11   0.582
                   K=4 ARD exploratory  4            300 0.9748 0.0426 0.0272   0.0401     1.398           13   0.815
            K=3 spike-slab exploratory  3            225 0.9674 0.0484 0.0319   0.0452     1.583           10   0.944
K=3 horseshoe +human prior exploratory  3            225 0.9701 0.0464 0.0307   0.0445     1.787            4   0.768
         K=2 signed +align exploratory  2            150 0.9600 0.0536 0.0360   0.0504     1.633            1   0.211
         K=3 signed +align exploratory  3            225 0.9724 0.0445 0.0288   0.0419     1.746            0   0.235
                1D +priors    baseline  1             75 0.9357 0.0680 0.0476   0.0653     1.002            0       —
        K=2 signed +priors exploratory  2            150 0.9589 0.0543 0.0370   0.0553     1.734          142     0.7
        K=3 signed +priors exploratory  3            225 0.9698 0.0466 0.0308   0.0475     1.662          406   0.736
        K=3 skills +priors   confirmed  3             75 0.9519 0.0588 0.0398   0.0557     1.002            0    0.89
     K=3 signed HS +priors exploratory  3            225 0.9689 0.0473 0.0312   0.0485     1.549           12   0.698
                K=3 skills   confirmed  3             75 0.9555 0.0566 0.0384   0.0497     1.032            0    0.58
         K=3 skills +cross   confirmed  3            105 0.9551 0.0568 0.0390   0.0503     1.117            0   0.513
                K=4 skills   confirmed  4             75 0.9557 0.0565 0.0380   0.0485     1.014            1   0.609
         K=4 skills +cross   confirmed  4            105 0.9326 0.0696 0.0456   0.0506     1.704            1   0.424
       K=3 non-comp +cross   confirmed  3              0 0.8802 0.0928 0.0638   0.0545     1.018            0   0.541

Dashboard → /Users/yassineessifi/Desktop/ECI_Bayesian/gallery/index.html  (25.8 MB, 17 fits)
CSV restored (rc=0)
