rendering K=3 no priors (baseline) …
rendering K=3 no priors +PLT (baseline) …
rendering K=2 no priors +PLT (baseline) …
rendering K=3 +lineage (exploratory) …
rendering K=3 +lineage +PLT (exploratory) …
rendering K=3 +both priors (exploratory) …
rendering K=3 +both +PLT (exploratory) …
rendering K=2 +both priors (exploratory) …
rendering K=2 +both +PLT (exploratory) …

               fit  K  eta_rhat  div_pct  axis1_repro  axis2_repro  axis3_repro
     K=3 no priors  3     1.568      0.0        0.985        0.864        0.826
K=3 no priors +PLT  3     1.397      0.0        0.984        0.902        0.778
K=2 no priors +PLT  2     1.834      0.0        0.705        0.714          NaN
      K=3 +lineage  3     1.583      7.0        0.883        0.714        0.568
 K=3 +lineage +PLT  3     1.614      0.0        0.937        0.844        0.805
  K=3 +both priors  3     1.356      0.0        0.974        0.809        0.773
    K=3 +both +PLT  3     1.496      0.0        0.949        0.945        0.892
  K=2 +both priors  2     2.050      0.0        0.785        0.931          NaN
    K=2 +both +PLT  2     1.614      0.0        0.942        0.573          NaN

               fit        type  K  free_loadings     R2   RMSE    MAE  PIT_var  eta_rhat  divergences  max_phi
     K=3 no priors    baseline  3            225 0.9746 0.0428 0.0285   0.0431     1.568            0    0.092
K=3 no priors +PLT    baseline  3            225 0.9746 0.0429 0.0288   0.0433     1.397            0    0.153
K=2 no priors +PLT    baseline  2            150 0.9526 0.0585 0.0393   0.0486     1.834            0    0.469
      K=3 +lineage exploratory  3            225 0.9728 0.0444 0.0303   0.0472     1.583          279    0.680
 K=3 +lineage +PLT exploratory  3            225 0.9722 0.0448 0.0306   0.0479     1.614            0    0.593
  K=3 +both priors exploratory  3            225 0.9722 0.0448 0.0311   0.0491     1.356            0    0.489
    K=3 +both +PLT exploratory  3            225 0.9708 0.0459 0.0314   0.0491     1.496            0    0.618
  K=2 +both priors exploratory  2            150 0.9604 0.0535 0.0369   0.0558     2.050            0    0.724
    K=2 +both +PLT exploratory  2            150 0.9591 0.0544 0.0378   0.0564     1.614            0    0.335

Dashboard → /Users/yassineessifi/Desktop/ECI_Bayesian/gallery/index.html  (15.2 MB, 9 fits)
