rendering K=3 · human+lineage priors · free rotation · Skilled Generalist scores removed (exploratory) …
rendering K=3 · no priors · free rotation · Skilled Generalist scores removed (baseline) …
rendering K=3 · human+lineage priors · free rotation · Skilled Generalist detached from tier chain (exploratory) …
rendering K=3 · human+lineage priors · free rotation · ARC-AGI benchmark removed (exploratory) …
rendering K=3 · no priors · free rotation (baseline) …
rendering K=3 · no priors · founder anchors (baseline) …
rendering K=2 · no priors · founder anchors (baseline) …
rendering K=3 · lineage prior only · free rotation (exploratory) …
rendering K=3 · lineage prior only · founder anchors (exploratory) …
rendering K=3 · human+lineage priors · free rotation (exploratory) …
rendering K=3 · human+lineage priors · founder anchors (exploratory) …
rendering K=2 · human+lineage priors · free rotation (exploratory) …
rendering K=2 · human+lineage priors · founder anchors (exploratory) …
  WARNING: LOO/WAIC fits span different observation counts [3570, 3704, 3714] — ΔELPD across them is NOT comparable (ELPD is a sum over obs).

                                                                                     fit  K  eta_rhat  div_pct  axis1_repro  axis2_repro  axis3_repro
          K=3 · human+lineage priors · free rotation · Skilled Generalist scores removed  3     1.007      0.0        1.000        1.000        1.000
                     K=3 · no priors · free rotation · Skilled Generalist scores removed  3     1.725      0.0        0.975        0.735        0.744
K=3 · human+lineage priors · free rotation · Skilled Generalist detached from tier chain  3     1.888      3.9        0.642        0.481        0.460
                  K=3 · human+lineage priors · free rotation · ARC-AGI benchmark removed  3     1.032      0.0        0.999        0.999        0.999
                                                         K=3 · no priors · free rotation  3     1.568      0.0        0.984        0.625        0.717
                                                       K=3 · no priors · founder anchors  3     1.397      0.0        0.981        0.876        0.649
                                                       K=2 · no priors · founder anchors  2     1.834      0.0        0.776        0.838          NaN
                                                K=3 · lineage prior only · free rotation  3     1.583      7.0        0.848        0.808        0.722
                                              K=3 · lineage prior only · founder anchors  3     1.614      0.0        0.934        0.850        0.856
                                              K=3 · human+lineage priors · free rotation  3     1.356      0.0        0.952        0.856        0.842
                                            K=3 · human+lineage priors · founder anchors  3     1.496      0.0        0.970        0.929        0.910
                                              K=2 · human+lineage priors · free rotation  2     2.050      0.0        0.870        0.982          NaN
                                            K=2 · human+lineage priors · founder anchors  2     1.614      0.0        0.947        0.613          NaN

                                                                                     fit        type  K  free_loadings     R2   RMSE    MAE  PIT_var  eta_rhat  divergences  max_phi
          K=3 · human+lineage priors · free rotation · Skilled Generalist scores removed exploratory  3            225 0.9729 0.0443 0.0304   0.0501     1.007            3    0.334
                     K=3 · no priors · free rotation · Skilled Generalist scores removed    baseline  3            225 0.9759 0.0417 0.0279   0.0422     1.725            0    0.267
K=3 · human+lineage priors · free rotation · Skilled Generalist detached from tier chain exploratory  3            225 0.9714 0.0454 0.0312   0.0474     1.888          154    0.788
                  K=3 · human+lineage priors · free rotation · ARC-AGI benchmark removed exploratory  3            225 0.9704 0.0460 0.0311   0.0498     1.032            0    0.427
                                                         K=3 · no priors · free rotation    baseline  3            225 0.9746 0.0428 0.0285   0.0431     1.568            0    0.139
                                                       K=3 · no priors · founder anchors    baseline  3            225 0.9746 0.0429 0.0288   0.0433     1.397            0    0.280
                                                       K=2 · no priors · founder anchors    baseline  2            150 0.9526 0.0585 0.0393   0.0486     1.834            0    0.289
                                                K=3 · lineage prior only · free rotation exploratory  3            225 0.9728 0.0444 0.0303   0.0472     1.583          279    0.174
                                              K=3 · lineage prior only · founder anchors exploratory  3            225 0.9722 0.0448 0.0306   0.0479     1.614            0    0.247
                                              K=3 · human+lineage priors · free rotation exploratory  3            225 0.9722 0.0448 0.0311   0.0491     1.356            0    0.322
                                            K=3 · human+lineage priors · founder anchors exploratory  3            225 0.9708 0.0459 0.0314   0.0491     1.496            0    0.356
                                              K=2 · human+lineage priors · free rotation exploratory  2            150 0.9604 0.0535 0.0369   0.0558     2.050            0    0.451
                                            K=2 · human+lineage priors · founder anchors exploratory  2            150 0.9591 0.0544 0.0378   0.0564     1.614            0    0.352

Dashboard → /Users/yassineessifi/Desktop/ECI_Bayesian/gallery/index.html  (21.1 MB, 13 fits)
