
Data: 3704 obs / 750 models / 75 benchmarks (drop_low_obs=False)

======================================================================
Fitting MIRT  K = 3  (signed, sampler=nutpie)  (3704 obs / 750 models / 75 benchmarks)
======================================================================
  starting nutpie sampler at t=0 (no live heartbeat with this backend)
  sampling done in 716.0s, computing log-likelihood...
Computing ... ━━━━━━━━━━━━━━━━━━━━━━━━━━━━━━━━━━━━━━━━ 100% 0:00:00
  K=3: raw max r̂=1.806 (label-switching, ignore for K>1)  divergences=0 / 16000
        identified: eta r̂ max=1.746 mean=1.036 (frac>1.01=0.48)  D r̂=1.768  sigma_b r̂=1.806
  signed fit: per-draw rotation alignment (varimax)...

── aligned column-norm spectrum ||A[:,k]|| (gap ratio flags the live/dead break) ──
 axis  tau_median  tau_hdi_low  tau_hdi_high  gap_ratio_to_next
axis1       7.774        7.012         8.483              2.300
axis2       3.380        2.693         4.103              1.023
axis3       3.303        2.670         3.865                NaN

── axes identified by signed (self-identifying); no rotation applied ──

── factor correlation Phi (off-diag = axis-ability overlap) ──
       axis1  axis2  axis3
axis1  1.000 -0.235  0.032
axis2 -0.235  1.000 -0.050
axis3  0.032 -0.050  1.000

── axis1  top loadings (identified bundle) ──
               benchmark                category  loading_median
               ARC-AGI-2       Core AGI Progress        2.759865
OTIS Mock AIME 2024-2025 High End Math Reasoning        2.269229
            MATH Level 5 High End Math Reasoning        1.980352
                 ARC-AGI       Core AGI Progress        1.835490
     FrontierMath Tier 4 High End Math Reasoning        1.737804
            FrontierMath High End Math Reasoning        1.454197
          Aider Polyglot          Autonomous SWE        1.387270
             BioLP-bench                 Biology        1.241592
               GSO-Bench          Autonomous SWE        1.237627
           Chess Puzzles       General Reasoning        1.219314

── axis2  top loadings (identified bundle) ──
              benchmark                  category  loading_median
                  GSM8K Domain Specific Questions        1.207343
                Cybench      Agentic Computer Use       -0.734968
              GSO-Bench            Autonomous SWE       -0.666607
      The Agent Company      Agentic Computer Use       -0.657238
   BIG-Bench Hard (BBH) Domain Specific Questions        0.579864
                   MMLU Domain Specific Questions        0.560873
         Aider Polyglot            Autonomous SWE       -0.534315
SWE-Bench Pro (Private)            Autonomous SWE       -0.508115
               CAD-Eval  Multimodal Understanding       -0.464212
               TriviaQA Domain Specific Questions        0.443124

── axis3  top loadings (identified bundle) ──
           benchmark                  category  loading_median
           ARC (AI2) Domain Specific Questions        0.649555
           GSO-Bench            Autonomous SWE        0.589963
          OpenBookQA Domain Specific Questions        0.550776
           HellaSwag         General Reasoning        0.504446
            CAD-Eval  Multimodal Understanding        0.474404
      Aider Polyglot            Autonomous SWE        0.473431
            TriviaQA Domain Specific Questions        0.471806
BIG-Bench Hard (BBH) Domain Specific Questions        0.460127
   The Agent Company      Agentic Computer Use        0.437205
               BoolQ         General Reasoning        0.418764

── alignment-method comparison (varimax / wop / matchalign / promax) ──
  varimax    sign-confident [axis1 +52/-8  axis2 +0/-1  axis3 +0/-0]  chain-reprod 0.98/0.32/0.35  aligned-rhat 1.929
  wop        sign-confident [axis1 +52/-10  axis2 +18/-2  axis3 +17/-4]  chain-reprod 0.97/0.62/0.60  aligned-rhat 2.322
  matchalign sign-confident [axis1 +52/-8  axis2 +0/-0  axis3 +0/-0]  chain-reprod 0.98/0.33/0.31  aligned-rhat 1.920
  promax     sign-confident [axis1 +32/-2  axis2 +1/-0  axis3 +0/-0]  chain-reprod 0.98/0.65/0.58  aligned-rhat 2.191
  method agreement per axis (|corr| across method pairs):
        min  median
axis               
axis1 0.902   0.966
axis2 0.913   0.971
axis3 0.908   0.977
  per-chain divergence fraction: [0.00, 0.00, 0.00, 0.00, 0.00, 0.00, 0.00, 0.00]

── PPC goodness-of-fit ──
  MIRT (K=3): R²=0.972  RMSE=0.045  MAE=0.029

Outputs → /Users/yassineessifi/Desktop/ECI_Bayesian/results/mirt
Figures: run diagnostics/plot_mirt.py
