  NOTE: signed + structured theta priors — rotation symmetry is only approximate (the ordered blocks weakly anchor the orientation); per-draw alignment is an approximation. See build_mirt_model's warning.
  structured-theta prior; writing to /Users/yassineessifi/Desktop/ECI_Bayesian/results/mirt_signedhs_humanprior_lineageprior

Data: 3704 obs / 750 models / 75 benchmarks (drop_low_obs=False)
  --lineage-prior: 35 chains / 140 nodes / 425 chained models

======================================================================
Fitting MIRT  K = 3  (signedhs, ordered-human prior, lineage prior, sampler=nutpie)  (3704 obs / 750 models / 75 benchmarks)
======================================================================
/Users/yassineessifi/Desktop/ECI_Bayesian/model_mirt.py:230: UserWarning: loading_prior='signed' with the ordered human/lineage theta blocks: those blocks are NOT rotation-invariant across axes (their per-axis increments softly prefer certain orientations), so the rotation symmetry is only APPROXIMATE and per-draw alignment is an approximation rather than an exact quotient. Flip side: the structured priors act as a weak, substantive orientation anchor. Interpret aligned axes with that caveat.
  warnings.warn(
  starting nutpie sampler at t=0 (no live heartbeat with this backend)
  sampling done in 1699.0s, computing log-likelihood...
Computing ... ━━━━━━━━━━━━━━━━━━━━━━━━━━━━━━━━━━━━━━━━ 100% 0:00:00
  K=3: raw max r̂=2.625 (label-switching, ignore for K>1)  divergences=12 / 16000
        identified: eta r̂ max=1.549 mean=1.042 (frac>1.01=0.58)  D r̂=1.659  sigma_b r̂=1.533
  signed fit: per-draw rotation alignment (varimax)...

── aligned column-norm spectrum ||A[:,k]|| (gap ratio flags the live/dead break) ──
 axis  tau_median  tau_hdi_low  tau_hdi_high  gap_ratio_to_next
axis1       7.355        6.466         8.292              1.972
axis2       3.730        3.269         4.319              1.221
axis3       3.055        2.501         3.712                NaN

── axes identified by signedhs (self-identifying); no rotation applied ──

── factor correlation Phi (off-diag = axis-ability overlap) ──
       axis1  axis2  axis3
axis1  1.000  0.426  0.698
axis2  0.426  1.000  0.487
axis3  0.698  0.487  1.000

── axis1  top loadings (identified bundle) ──
               benchmark                category  loading_median
               ARC-AGI-2       Core AGI Progress        3.126953
OTIS Mock AIME 2024-2025 High End Math Reasoning        2.393164
                 ARC-AGI       Core AGI Progress        1.973168
            MATH Level 5 High End Math Reasoning        1.912173
     FrontierMath Tier 4 High End Math Reasoning        1.540283
           Chess Puzzles       General Reasoning        1.417004
            FrontierMath High End Math Reasoning        1.336110
             BioLP-bench                 Biology        1.223607
          Aider Polyglot          Autonomous SWE        1.159110
             APEX Agents       Core AGI Progress        1.115733

── axis2  top loadings (identified bundle) ──
           benchmark                  category  loading_median
               GSM8K Domain Specific Questions        2.005461
BIG-Bench Hard (BBH) Domain Specific Questions        0.920397
           ARC (AI2) Domain Specific Questions        0.904745
                MMLU Domain Specific Questions        0.822113
          OpenBookQA Domain Specific Questions        0.741007
               BoolQ         General Reasoning        0.515358
        WMDP Biology                   Biology        0.439061
    MMLU Pro Biology                   Biology        0.430309
           HellaSwag         General Reasoning        0.426704
  MMLU Pro Chemistry                 Chemistry        0.425142

── axis3  top loadings (identified bundle) ──
              benchmark                 category  loading_median
              GSO-Bench           Autonomous SWE        0.976507
                Cybench     Agentic Computer Use        0.827610
         Aider Polyglot           Autonomous SWE        0.793308
  OS World (Screenshot)     Agentic Computer Use        0.655753
               CAD-Eval Multimodal Understanding        0.654291
          TerminalBench     Agentic Computer Use        0.626635
         PostTrainBench           Autonomous SWE        0.542787
SWE-Bench Pro (Private)           Autonomous SWE        0.524860
          SWE-Bench Pro           Autonomous SWE        0.465490
              HellaSwag        General Reasoning        0.422416

── alignment-method comparison (varimax / wop / matchalign / promax) ──
  varimax    sign-confident [axis1 +48/-2  axis2 +17/-0  axis3 +21/-0]  chain-reprod 0.98/0.80/0.67  aligned-rhat 1.721
  wop        sign-confident [axis1 +52/-2  axis2 +22/-0  axis3 +16/-3]  chain-reprod 0.99/0.83/0.72  aligned-rhat 1.896
  matchalign sign-confident [axis1 +48/-2  axis2 +17/-0  axis3 +21/-0]  chain-reprod 0.98/0.80/0.67  aligned-rhat 1.721
  promax     sign-confident [axis1 +31/-0  axis2 +15/-0  axis3 +17/-1]  chain-reprod 0.99/0.75/0.86  aligned-rhat 1.831
  method agreement per axis (|corr| across method pairs):
        min  median
axis               
axis1 0.963   0.986
axis2 0.982   0.994
axis3 0.940   0.978
  per-chain divergence fraction: [0.01, 0.00, 0.00, 0.00, 0.00, 0.00, 0.00, 0.00]

── PPC goodness-of-fit ──
  MIRT (K=3): R²=0.969  RMSE=0.047  MAE=0.031

Outputs → /Users/yassineessifi/Desktop/ECI_Bayesian/results/mirt_signedhs_humanprior_lineageprior
Figures: run diagnostics/plot_mirt.py
