  structured-theta prior; writing to /Users/yassineessifi/Desktop/ECI_Bayesian/results/mirt_humanprior_lineageprior

Data: 3704 obs / 750 models / 75 benchmarks (drop_low_obs=False)
  --lineage-prior: 35 chains / 140 nodes / 425 chained models

======================================================================
Fitting MIRT  K = 1  (ARD (per-axis scale), ordered-human prior, lineage prior, sampler=nutpie)  (3704 obs / 750 models / 75 benchmarks)
======================================================================
  starting nutpie sampler at t=0 (no live heartbeat with this backend)
  sampling done in 765.1s, computing log-likelihood...
Computing ... ━━━━━━━━━━━━━━━━━━━━━━━━━━━━━━━━━━━━━━━━ 100% 0:00:00
  K=1: raw max r̂=1.007 (label-switching, ignore for K>1)  divergences=0 / 16000
        identified: eta r̂ max=1.002 mean=1.000 (frac>1.01=0.00)  D r̂=1.001  sigma_b r̂=1.002

── tau_A spectrum (gap ratio flags the live/dead break) ──
 axis  tau_median  tau_hdi_low  tau_hdi_high  gap_ratio_to_next
axis1       1.354        1.142         1.633                NaN

── factor correlation Phi (off-diag = axis-ability overlap) ──
       axis1
axis1  1.000

── axis1  top loadings (rotated bundle) ──
               benchmark                  category  loading_median
               ARC-AGI-2         Core AGI Progress        4.385971
                 ARC-AGI         Core AGI Progress        2.947611
OTIS Mock AIME 2024-2025   High End Math Reasoning        2.852852
            MATH Level 5   High End Math Reasoning        2.763902
     FrontierMath Tier 4   High End Math Reasoning        2.535376
          Aider Polyglot            Autonomous SWE        2.296384
                   GSM8K Domain Specific Questions        2.088010
            FrontierMath   High End Math Reasoning        2.081460
                 Cybench      Agentic Computer Use        2.021352
             BioLP-bench                   Biology        1.921972

── PPC goodness-of-fit ──
  MIRT (K=1): R²=0.936  RMSE=0.068  MAE=0.048

Outputs → /Users/yassineessifi/Desktop/ECI_Bayesian/results/mirt_humanprior_lineageprior
Figures: run diagnostics/plot_mirt.py
  NOTE: signed + structured theta priors — rotation symmetry is only approximate (the ordered blocks weakly anchor the orientation); per-draw alignment is an approximation. See build_mirt_model's warning.
  structured-theta prior; writing to /Users/yassineessifi/Desktop/ECI_Bayesian/results/mirt_signed_humanprior_lineageprior

Data: 3704 obs / 750 models / 75 benchmarks (drop_low_obs=False)
  --lineage-prior: 35 chains / 140 nodes / 425 chained models

======================================================================
Fitting MIRT  K = 2  (signed, ordered-human prior, lineage prior, sampler=nutpie)  (3704 obs / 750 models / 75 benchmarks)
======================================================================
/Users/yassineessifi/Desktop/ECI_Bayesian/model_mirt.py:227: UserWarning: loading_prior='signed' with the ordered human/lineage theta blocks: those blocks are NOT rotation-invariant across axes (their per-axis increments softly prefer certain orientations), so the rotation symmetry is only APPROXIMATE and per-draw alignment is an approximation rather than an exact quotient. Flip side: the structured priors act as a weak, substantive orientation anchor. Interpret aligned axes with that caveat.
  warnings.warn(
  starting nutpie sampler at t=0 (no live heartbeat with this backend)
  sampling done in 724.0s, computing log-likelihood...
Computing ... ━━━━━━━━━━━━━━━━━━━━━━━━━━━━━━━━━━━━━━━━ 100% 0:00:00
  K=2: raw max r̂=2.931 (label-switching, ignore for K>1)  divergences=142 / 16000
        identified: eta r̂ max=1.734 mean=1.041 (frac>1.01=0.45)  D r̂=2.356  sigma_b r̂=1.687
  signed fit: per-draw rotation alignment (varimax)...

── aligned column-norm spectrum ||A[:,k]|| (gap ratio flags the live/dead break) ──
 axis  tau_median  tau_hdi_low  tau_hdi_high  gap_ratio_to_next
axis1       9.747        7.480        11.147              1.985
axis2       4.910        3.955         5.894                NaN

── axes identified by signed (self-identifying); no rotation applied ──

── factor correlation Phi (off-diag = axis-ability overlap) ──
       axis1  axis2
axis1  1.000  0.700
axis2  0.700  1.000

── axis1  top loadings (identified bundle) ──
               benchmark                  category  loading_median
               ARC-AGI-2         Core AGI Progress        3.604374
OTIS Mock AIME 2024-2025   High End Math Reasoning        3.474270
            MATH Level 5   High End Math Reasoning        2.709949
                 ARC-AGI         Core AGI Progress        2.299989
                   GSM8K Domain Specific Questions        1.943900
           Chess Puzzles         General Reasoning        1.803657
     FrontierMath Tier 4   High End Math Reasoning        1.790907
            FrontierMath   High End Math Reasoning        1.781234
             BioLP-bench                   Biology        1.716655
      MMLU Pro Chemistry                 Chemistry        1.598222

── axis2  top loadings (identified bundle) ──
              benchmark                      category  loading_median
              GSO-Bench                Autonomous SWE        1.771838
                Cybench          Agentic Computer Use        1.559733
         Aider Polyglot                Autonomous SWE        1.319843
               CAD-Eval      Multimodal Understanding        1.142176
          TerminalBench          Agentic Computer Use        1.013598
SWE-Bench Pro (Private)                Autonomous SWE        0.996524
      The Agent Company          Agentic Computer Use        0.870522
         PostTrainBench                Autonomous SWE        0.855338
          SWE-Bench Pro                Autonomous SWE        0.743644
      Fiction.LiveBench Advanced Language and Writing        0.727051

── alignment-method comparison (varimax / wop / matchalign / promax) ──
  varimax    sign-confident [axis1 +55/-0  axis2 +31/-1]  chain-reprod 1.00/0.86  aligned-rhat 1.961
  wop        sign-confident [axis1 +59/-0  axis2 +16/-4]  chain-reprod 1.00/0.81  aligned-rhat 1.981
  matchalign sign-confident [axis1 +55/-0  axis2 +31/-1]  chain-reprod 1.00/0.86  aligned-rhat 1.961
  promax     sign-confident [axis1 +40/-0  axis2 +26/-2]  chain-reprod 1.00/0.93  aligned-rhat 1.913
  method agreement per axis (|corr| across method pairs):
        min  median
axis               
axis1 0.924   0.979
axis2 0.944   0.982
  per-chain divergence fraction: [0.00, 0.00, 0.00, 0.07, 0.00, 0.00, 0.00, 0.00]

── PPC goodness-of-fit ──
  MIRT (K=2): R²=0.959  RMSE=0.054  MAE=0.037

Outputs → /Users/yassineessifi/Desktop/ECI_Bayesian/results/mirt_signed_humanprior_lineageprior
Figures: run diagnostics/plot_mirt.py
  NOTE: signed + structured theta priors — rotation symmetry is only approximate (the ordered blocks weakly anchor the orientation); per-draw alignment is an approximation. See build_mirt_model's warning.
  structured-theta prior; writing to /Users/yassineessifi/Desktop/ECI_Bayesian/results/mirt_signed_humanprior_lineageprior

Data: 3704 obs / 750 models / 75 benchmarks (drop_low_obs=False)
  --lineage-prior: 35 chains / 140 nodes / 425 chained models

======================================================================
Fitting MIRT  K = 3  (signed, ordered-human prior, lineage prior, sampler=nutpie)  (3704 obs / 750 models / 75 benchmarks)
======================================================================
/Users/yassineessifi/Desktop/ECI_Bayesian/model_mirt.py:227: UserWarning: loading_prior='signed' with the ordered human/lineage theta blocks: those blocks are NOT rotation-invariant across axes (their per-axis increments softly prefer certain orientations), so the rotation symmetry is only APPROXIMATE and per-draw alignment is an approximation rather than an exact quotient. Flip side: the structured priors act as a weak, substantive orientation anchor. Interpret aligned axes with that caveat.
  warnings.warn(
  starting nutpie sampler at t=0 (no live heartbeat with this backend)
/Users/yassineessifi/miniforge3/envs/pymc_env/lib/python3.11/site-packages/arviz/__init__.py:50: FutureWarning: 
ArviZ is undergoing a major refactor to improve flexibility and extensibility while maintaining a user-friendly interface.
Some upcoming changes may be backward incompatible.
For details and migration guidance, visit: https://python.arviz.org/en/latest/user_guide/migration_guide.html
  warn(
  NOTE: signed + structured theta priors — rotation symmetry is only approximate (the ordered blocks weakly anchor the orientation); per-draw alignment is an approximation. See build_mirt_model's warning.
  structured-theta prior; writing to /Users/yassineessifi/Desktop/ECI_Bayesian/results/mirt_signed_humanprior_lineageprior

Data: 3704 obs / 750 models / 75 benchmarks (drop_low_obs=False)
  --lineage-prior: 35 chains / 140 nodes / 425 chained models

======================================================================
Fitting MIRT  K = 3  (signed, ordered-human prior, lineage prior, sampler=nutpie)  (3704 obs / 750 models / 75 benchmarks)
======================================================================
/Users/yassineessifi/Desktop/ECI_Bayesian/model_mirt.py:227: UserWarning: loading_prior='signed' with the ordered human/lineage theta blocks: those blocks are NOT rotation-invariant across axes (their per-axis increments softly prefer certain orientations), so the rotation symmetry is only APPROXIMATE and per-draw alignment is an approximation rather than an exact quotient. Flip side: the structured priors act as a weak, substantive orientation anchor. Interpret aligned axes with that caveat.
  warnings.warn(
  starting nutpie sampler at t=0 (no live heartbeat with this backend)
  sampling done in 909.4s, computing log-likelihood...
Computing ... ━━━━━━━━━━━━━━━━━━━━━━━━━━━━━━━━━━━━━━━━ 100% 0:00:00
  K=3: raw max r̂=2.582 (label-switching, ignore for K>1)  divergences=406 / 16000
        identified: eta r̂ max=1.662 mean=1.053 (frac>1.01=0.67)  D r̂=1.715  sigma_b r̂=1.605
  signed fit: per-draw rotation alignment (varimax)...

── aligned column-norm spectrum ||A[:,k]|| (gap ratio flags the live/dead break) ──
 axis  tau_median  tau_hdi_low  tau_hdi_high  gap_ratio_to_next
axis1       6.473        5.731         7.281              1.575
axis2       4.109        3.534         4.749              1.246
axis3       3.298        2.588         4.110                NaN

── axes identified by signed (self-identifying); no rotation applied ──

── factor correlation Phi (off-diag = axis-ability overlap) ──
       axis1  axis2  axis3
axis1  1.000  0.322  0.736
axis2  0.322  1.000  0.367
axis3  0.736  0.367  1.000

── axis1  top loadings (identified bundle) ──
               benchmark                category  loading_median
               ARC-AGI-2       Core AGI Progress        2.713113
OTIS Mock AIME 2024-2025 High End Math Reasoning        2.201228
            MATH Level 5 High End Math Reasoning        1.760253
                 ARC-AGI       Core AGI Progress        1.717810
           Chess Puzzles       General Reasoning        1.290086
     FrontierMath Tier 4 High End Math Reasoning        1.143936
            FrontierMath High End Math Reasoning        1.141470
             BioLP-bench                 Biology        1.133143
          Aider Polyglot          Autonomous SWE        0.956735
             APEX Agents       Core AGI Progress        0.891463

── axis2  top loadings (identified bundle) ──
           benchmark                  category  loading_median
               GSM8K Domain Specific Questions        1.943896
           ARC (AI2) Domain Specific Questions        0.932516
BIG-Bench Hard (BBH) Domain Specific Questions        0.921253
                MMLU Domain Specific Questions        0.821305
          OpenBookQA Domain Specific Questions        0.760567
 FrontierMath Tier 4   High End Math Reasoning       -0.646646
     VisualToolBench  Multimodal Understanding       -0.527518
               BoolQ         General Reasoning        0.520768
    MMLU Pro Biology                   Biology        0.513660
  MMLU Pro Chemistry                 Chemistry        0.512199

── axis3  top loadings (identified bundle) ──
              benchmark                 category  loading_median
              GSO-Bench           Autonomous SWE        0.998081
         Aider Polyglot           Autonomous SWE        0.841854
                Cybench     Agentic Computer Use        0.837965
               CAD-Eval Multimodal Understanding        0.725323
          TerminalBench     Agentic Computer Use        0.639030
  OS World (Screenshot)     Agentic Computer Use        0.623333
SWE-Bench Pro (Private)           Autonomous SWE        0.578518
         PostTrainBench           Autonomous SWE        0.525503
          SWE-Bench Pro           Autonomous SWE        0.524764
      The Agent Company     Agentic Computer Use        0.495023

── alignment-method comparison (varimax / wop / matchalign / promax) ──
  varimax    sign-confident [axis1 +48/-1  axis2 +17/-0  axis3 +14/-0]  chain-reprod 0.96/0.63/0.65  aligned-rhat 2.068
  wop        sign-confident [axis1 +53/-2  axis2 +19/-0  axis3 +19/-3]  chain-reprod 0.99/0.78/0.66  aligned-rhat 1.963
  matchalign sign-confident [axis1 +48/-1  axis2 +17/-0  axis3 +14/-0]  chain-reprod 0.96/0.63/0.65  aligned-rhat 2.071
  promax     sign-confident [axis1 +29/-0  axis2 +15/-0  axis3 +12/-1]  chain-reprod 0.99/0.62/0.80  aligned-rhat 2.233
  method agreement per axis (|corr| across method pairs):
        min  median
axis               
axis1 0.955   0.985
axis2 0.990   0.995
axis3 0.994   0.996
  per-chain divergence fraction: [0.00, 0.00, 0.00, 0.00, 0.00, 0.00, 0.19, 0.01]

── PPC goodness-of-fit ──
  MIRT (K=3): R²=0.970  RMSE=0.047  MAE=0.031

Outputs → /Users/yassineessifi/Desktop/ECI_Bayesian/results/mirt_signed_humanprior_lineageprior
Figures: run diagnostics/plot_mirt.py
  structured-theta prior; writing to /Users/yassineessifi/Desktop/ECI_Bayesian/results/mirt_noard_aqmatrix3_humanprior_lineageprior

Data: 3704 obs / 750 models / 75 benchmarks (drop_low_obs=False)
  --lineage-prior: 35 chains / 140 nodes / 425 chained models
  Q-matrix (qmatrix3): 75 benchmarks, 0 cross-loaded

======================================================================
Fitting MIRT  K = 3  (normal scale (no ARD), 75 anchors, ordered-human prior, lineage prior, sampler=nutpie)  (3704 obs / 750 models / 75 benchmarks)
======================================================================
  starting nutpie sampler at t=0 (no live heartbeat with this backend)
  sampling done in 403.3s, computing log-likelihood...
Computing ... ━━━━━━━━━━━━━━━━━━━━━━━━━━━━━━━━━━━━━━━━ 100% 0:00:00
/Users/yassineessifi/miniforge3/envs/pymc_env/lib/python3.11/site-packages/arviz/stats/diagnostics.py:596: RuntimeWarning: invalid value encountered in scalar divide
  (between_chain_variance / within_chain_variance + num_samples - 1) / (num_samples)
  K=3: raw max r̂=1.046 (label-switching, ignore for K>1)  divergences=0 / 16000
        identified: eta r̂ max=1.002 mean=1.000 (frac>1.01=0.00)  D r̂=1.009  sigma_b r̂=1.004

── tau_A spectrum (gap ratio flags the live/dead break) ──
 axis  tau_median  tau_hdi_low  tau_hdi_high  gap_ratio_to_next
axis1       1.241        1.036         1.496              1.000
axis2       1.241        1.036         1.496              1.000
axis3       1.241        1.036         1.496                NaN

── axes identified by anchors; no rotation applied ──

── factor correlation Phi (off-diag = axis-ability overlap) ──
       axis1  axis2  axis3
axis1  1.000  0.789  0.890
axis2  0.789  1.000  0.739
axis3  0.890  0.739  1.000

── axis1  top loadings (anchored bundle) ──
               benchmark                category  loading_median
               ARC-AGI-2       Core AGI Progress        4.251224
                 ARC-AGI       Core AGI Progress        2.812868
OTIS Mock AIME 2024-2025 High End Math Reasoning        2.758683
            MATH Level 5 High End Math Reasoning        2.625716
     FrontierMath Tier 4 High End Math Reasoning        2.369922
            FrontierMath High End Math Reasoning        1.958254
             APEX Agents       Core AGI Progress        1.668702
              EnigmaEval       General Reasoning        1.251181
           Chess Puzzles       General Reasoning        1.151308
               LiveBench       Core AGI Progress        1.065626

── axis2  top loadings (anchored bundle) ──
              benchmark             category  loading_median
         Aider Polyglot       Autonomous SWE        1.766886
                Cybench Agentic Computer Use        1.398732
              GSO-Bench       Autonomous SWE        1.320147
          TerminalBench Agentic Computer Use        1.203050
      The Agent Company Agentic Computer Use        1.126907
  OS World (Screenshot) Agentic Computer Use        1.049431
SWE-Bench Pro (Private)       Autonomous SWE        1.002331
         PostTrainBench       Autonomous SWE        0.722565
                WeirdML       Autonomous SWE        0.703779
          SWE-Bench Pro       Autonomous SWE        0.677423

── axis3  top loadings (anchored bundle) ──
           benchmark                      category  loading_median
               GSM8K     Domain Specific Questions        2.078323
         BioLP-bench                       Biology        1.781158
  MMLU Pro Chemistry                     Chemistry        1.729197
     VisualToolBench      Multimodal Understanding        1.686351
Humanity's Last Exam     Domain Specific Questions        1.521372
            MultiNRC Advanced Language and Writing        1.383404
            CAD-Eval      Multimodal Understanding        1.332853
        GPQA Diamond     Domain Specific Questions        1.293753
    MMLU Pro Biology                       Biology        1.177968
   SimpleQA Verified     Domain Specific Questions        1.175972

── PPC goodness-of-fit ──
  MIRT (K=3): R²=0.952  RMSE=0.059  MAE=0.040

Outputs → /Users/yassineessifi/Desktop/ECI_Bayesian/results/mirt_noard_aqmatrix3_humanprior_lineageprior
Figures: run diagnostics/plot_mirt.py
