  NOTE: signed + structured theta priors — rotation symmetry is only approximate (the ordered blocks weakly anchor the orientation); per-draw alignment is an approximation. See build_mirt_model's warning.
  structured-theta prior; writing to /Users/yassineessifi/Desktop/ECI_Bayesian/results/mirt_groupedhs_humanprior_lineageprior

Data: 3713 obs / 752 models / 75 benchmarks (drop_low_obs=False)
  --lineage-prior: 35 chains / 140 nodes / 425 chained models

======================================================================
Fitting MIRT  K = 4  (groupedhs, ordered-human prior, lineage prior, sampler=nutpie)  (3713 obs / 752 models / 75 benchmarks)
======================================================================
/Users/yassineessifi/Desktop/ECI_Bayesian/model_mirt.py:270: UserWarning: loading_prior='signed' with the ordered human/lineage theta blocks: those blocks are NOT rotation-invariant across axes (their per-axis increments softly prefer certain orientations), so the rotation symmetry is only APPROXIMATE and per-draw alignment is an approximation rather than an exact quotient. Flip side: the structured priors act as a weak, substantive orientation anchor. Interpret aligned axes with that caveat.
  warnings.warn(
  starting nutpie sampler at t=0 (no live heartbeat with this backend)
  sampling done in 2028.8s, computing log-likelihood...
Computing ... ━━━━━━━━━━━━━━━━━━━━━━━━━━━━━━━━━━━━━━━━ 100% 0:00:00
  K=4: raw max r̂=3.345 (label-switching, ignore for K>1)  divergences=12 / 24000
        identified: eta r̂ max=1.342 mean=1.037 (frac>1.01=0.69)  D r̂=1.644  sigma_b r̂=1.356
  signed fit: per-draw rotation alignment (varimax)...

── aligned column-norm spectrum ||A[:,k]|| (gap ratio flags the live/dead break) ──
 axis  tau_median  tau_hdi_low  tau_hdi_high  gap_ratio_to_next
axis1       8.158        7.139         9.226              2.407
axis2       3.389        2.567         4.261              1.160
axis3       2.920        1.663         3.921              1.558
axis4       1.874        1.003         2.871                NaN

── axes identified by groupedhs (self-identifying); no rotation applied ──

── factor correlation Phi (off-diag = axis-ability overlap) ──
       axis1  axis2  axis3  axis4
axis1  1.000  0.379  0.778 -0.430
axis2  0.379  1.000  0.498 -0.194
axis3  0.778  0.498  1.000 -0.625
axis4 -0.430 -0.194 -0.625  1.000

── axis1  top loadings (identified bundle) ──
               benchmark                category  loading_median
               ARC-AGI-2       Core AGI Progress        3.609419
OTIS Mock AIME 2024-2025 High End Math Reasoning        2.508077
                 ARC-AGI       Core AGI Progress        2.259101
            MATH Level 5 High End Math Reasoning        2.050717
     FrontierMath Tier 4 High End Math Reasoning        1.783698
           Chess Puzzles       General Reasoning        1.504351
            FrontierMath High End Math Reasoning        1.465079
          Aider Polyglot          Autonomous SWE        1.243746
             APEX Agents       Core AGI Progress        1.187864
             BioLP-bench                 Biology        1.187206

── axis2  top loadings (identified bundle) ──
           benchmark                  category  loading_median
               GSM8K Domain Specific Questions        1.907359
BIG-Bench Hard (BBH) Domain Specific Questions        0.854269
           ARC (AI2) Domain Specific Questions        0.814632
                MMLU Domain Specific Questions        0.764095
          OpenBookQA Domain Specific Questions        0.675225
           ScienceQA Domain Specific Questions        0.546105
               BoolQ         General Reasoning        0.484226
  MMLU Pro Chemistry                 Chemistry        0.432049
   SimpleQA Verified Domain Specific Questions        0.431637
           HellaSwag         General Reasoning        0.424777

── axis3  top loadings (identified bundle) ──
          benchmark                      category  loading_median
     Aider Polyglot                Autonomous SWE        0.693894
          GSO-Bench                Autonomous SWE        0.569711
            Cybench          Agentic Computer Use        0.567738
      TerminalBench          Agentic Computer Use        0.504007
  Fiction.LiveBench Advanced Language and Writing        0.458947
    VisualToolBench      Multimodal Understanding        0.454144
         EnigmaEval             General Reasoning        0.448184
           CAD-Eval      Multimodal Understanding        0.414809
           MultiNRC Advanced Language and Writing        0.390725
FrontierMath Tier 4       High End Math Reasoning        0.362415

── axis4  top loadings (identified bundle) ──
               benchmark                  category  loading_median
           Chess Puzzles         General Reasoning        0.360271
               GSO-Bench            Autonomous SWE       -0.298577
   OS World (Screenshot)      Agentic Computer Use       -0.267500
                TriviaQA Domain Specific Questions        0.252774
               HellaSwag         General Reasoning        0.228267
                 Cybench      Agentic Computer Use       -0.186745
OTIS Mock AIME 2024-2025   High End Math Reasoning        0.173683
            MATH Level 5   High End Math Reasoning        0.142482
                    VPCT  Multimodal Understanding        0.137748
           SWE-Bench Pro            Autonomous SWE       -0.128055

── alignment-method comparison (varimax / wop / matchalign / promax) ──
