
Data: 3704 obs / 750 models / 75 benchmarks (drop_low_obs=False)
  Q-matrix (qmatrix3x): 75 benchmarks, 30 cross-loaded

======================================================================
Fitting MIRT  K = 3  (ARD, 75 anchors, sampler=nutpie)  (3704 obs / 750 models / 75 benchmarks)
======================================================================
  starting nutpie sampler at t=0 (no live heartbeat with this backend)
  sampling done in 651.2s, computing log-likelihood...
Computing ... ━━━━━━━━━━━━━━━━━━━━━━━━━━━━━━━━━━━━━━━━ 100% 0:00:00
/Users/yassineessifi/miniforge3/envs/pymc_env/lib/python3.11/site-packages/arviz/stats/diagnostics.py:596: RuntimeWarning: invalid value encountered in scalar divide
  (between_chain_variance / within_chain_variance + num_samples - 1) / (num_samples)
  K=3: raw max r̂=1.017 (label-switching, ignore for K>1)  divergences=0 / 16000
        identified: eta r̂ max=1.012 mean=1.000 (frac>1.01=0.00)  D r̂=1.013  sigma_b r̂=1.013

── tau_A spectrum (gap ratio flags the live/dead break) ──
 axis  tau_median  tau_hdi_low  tau_hdi_high  gap_ratio_to_next
axis1       1.184        0.980         1.460              2.501
axis2       0.473        0.322         0.725              0.529
axis3       0.894        0.704         1.152                NaN

── axes pinned by anchors (no rotation applied) ──

── factor correlation Phi (off-diag = axis-ability overlap) ──
       axis1  axis2  axis3
axis1  1.000  0.155  0.516
axis2  0.155  1.000  0.052
axis3  0.516  0.052  1.000

── axis1  top loadings (anchored bundle) ──
               benchmark                category  loading_median
               ARC-AGI-2       Core AGI Progress        3.611688
OTIS Mock AIME 2024-2025 High End Math Reasoning        2.657794
            MATH Level 5 High End Math Reasoning        2.581793
                 ARC-AGI       Core AGI Progress        2.387325
          Aider Polyglot          Autonomous SWE        2.042249
     FrontierMath Tier 4 High End Math Reasoning        2.018483
                 Cybench    Agentic Computer Use        1.795159
               GSO-Bench          Autonomous SWE        1.761356
            FrontierMath High End Math Reasoning        1.717158
           TerminalBench    Agentic Computer Use        1.575077

── axis2  top loadings (anchored bundle) ──
              benchmark             category  loading_median
              GSO-Bench       Autonomous SWE        0.730279
  OS World (Screenshot) Agentic Computer Use        0.677079
         Aider Polyglot       Autonomous SWE        0.656900
      The Agent Company Agentic Computer Use        0.568495
                Cybench Agentic Computer Use        0.543807
          TerminalBench Agentic Computer Use        0.448125
SWE-Bench Pro (Private)       Autonomous SWE        0.434702
         PostTrainBench       Autonomous SWE        0.361508
     SWE-Bench Verified       Autonomous SWE        0.342170
          SWE-Bench Pro       Autonomous SWE        0.328772

── axis3  top loadings (anchored bundle) ──
           benchmark                      category  loading_median
               GSM8K     Domain Specific Questions        2.227711
            CAD-Eval      Multimodal Understanding        1.663031
   SimpleQA Verified     Domain Specific Questions        1.402698
        GPQA Diamond     Domain Specific Questions        1.372981
     VisualToolBench      Multimodal Understanding        1.340248
   Fiction.LiveBench Advanced Language and Writing        1.320793
Humanity's Last Exam     Domain Specific Questions        1.239492
           ARC (AI2)     Domain Specific Questions        1.221348
BIG-Bench Hard (BBH)     Domain Specific Questions        1.211838
          OpenBookQA     Domain Specific Questions        1.160027

── PPC goodness-of-fit ──
  MIRT (K=3): R²=0.954  RMSE=0.057  MAE=0.039

Reusing cached K=1 baseline → /Users/yassineessifi/Desktop/ECI_Bayesian/results/mirt/trace_mirt_k1.nc
  1D (K=1, cached): R²=0.934  RMSE=0.069  MAE=0.048

Outputs → /Users/yassineessifi/Desktop/ECI_Bayesian/results/mirt
Figures: run diagnostics/plot_mirt.py
