sample_stats vars: ['depth', 'maxdepth_reached', 'index_in_trajectory', 'logp', 'energy', 'energy_error', 'num_eigenvalues', 'step_size', 'step_size_bar', 'mean_tree_accept', 'mean_tree_accept_sym', 'n_steps', 'tuning', 'diverging']

divergences per chain: [0 5 0 3]
n_steps: mean/chain [293.8 859.4 275.9 681.9]  max/chain [1023 1023 1023 1023]
depth: mean/chain [7.9 9.5 7.8 9. ]  max/chain [ 9 10  9 10]
energy mean/chain: [-1769.4 -1771.  -1769.5 -1772.7]
Traceback (most recent call last):
  File "/Users/yassineessifi/miniforge3/envs/pymc_env/lib/python3.11/site-packages/pandas/core/indexes/base.py", line 3641, in get_loc
    return self._engine.get_loc(casted_key)
           ^^^^^^^^^^^^^^^^^^^^^^^^^^^^^^^^
  File "pandas/_libs/index.pyx", line 168, in pandas._libs.index.IndexEngine.get_loc
  File "pandas/_libs/index.pyx", line 176, in pandas._libs.index.IndexEngine.get_loc
  File "pandas/_libs/index.pyx", line 583, in pandas._libs.index.StringObjectEngine._check_type
KeyError: 23

The above exception was the direct cause of the following exception:

Traceback (most recent call last):
  File "/Users/yassineessifi/miniforge3/envs/pymc_env/lib/python3.11/site-packages/xarray/core/indexes.py", line 878, in sel
    indexer = self.index.get_loc(label_value)
              ^^^^^^^^^^^^^^^^^^^^^^^^^^^^^^^
  File "/Users/yassineessifi/miniforge3/envs/pymc_env/lib/python3.11/site-packages/pandas/core/indexes/base.py", line 3648, in get_loc
    raise KeyError(key) from err
KeyError: 23

The above exception was the direct cause of the following exception:

Traceback (most recent call last):
  File "<stdin>", line 25, in <module>
  File "/Users/yassineessifi/miniforge3/envs/pymc_env/lib/python3.11/site-packages/xarray/core/dataarray.py", line 1722, in sel
    ds = self._to_temp_dataset().sel(
         ^^^^^^^^^^^^^^^^^^^^^^^^^^^^
  File "/Users/yassineessifi/miniforge3/envs/pymc_env/lib/python3.11/site-packages/xarray/core/dataset.py", line 3020, in sel
    query_results = map_index_queries(
                    ^^^^^^^^^^^^^^^^^^
  File "/Users/yassineessifi/miniforge3/envs/pymc_env/lib/python3.11/site-packages/xarray/core/indexing.py", line 214, in map_index_queries
    results.append(index.sel(labels, **options))
                   ^^^^^^^^^^^^^^^^^^^^^^^^^^^^
  File "/Users/yassineessifi/miniforge3/envs/pymc_env/lib/python3.11/site-packages/xarray/core/indexes.py", line 880, in sel
    raise KeyError(
KeyError: "not all values found in index 'bench'. Try setting the `method` keyword argument (example: method='nearest')."
